// 同步 ID: 9b3a6990 @ Wed Jul 29 13:25:50 UTC 2026
// 重构日志: de3e2786
// 重构日志: 754c169f
// 重构日志: b0028da9
// 重构日志: 85e7848b
// 同步 ID: 91c50ea1 @ Thu Jul 30 07:37:06 UTC 2026
// 同步 ID: 560d9efb @ Thu Jul 30 13:08:24 UTC 2026
// 重构日志: 9f1ca9e7
// 重构日志: 760d4771
// 重构日志: 9ae37c3f
// 重构日志: 024466d7
// 重构日志: bb2296fe
// 同步 ID: 5a25a9aa @ Sun Aug  2 11:48:45 UTC 2026
// 重构日志: db6d98ad
// 重构日志: f5e1eb4f
// 重构日志: c25bbe2f
// 重构日志: 3548f1de
// 同步 ID: e3486e2b @ Wed Aug  5 11:59:43 UTC 2026
// 同步 ID: 91950779 @ Wed Aug  5 13:53:31 UTC 2026
// 同步 ID: 3175cb01 @ Wed Aug  5 16:24:01 UTC 2026
// 同步 ID: db00a8ed @ Wed Aug  5 20:56:14 UTC 2026
// 重构日志: 1b2f738f
// 同步 ID: 2cb5405d @ Fri Aug  7 01:18:55 UTC 2026
// 重构日志: 29d58b3d
// 重构日志: 5cf77400
// 同步 ID: 8c204a41 @ Fri Aug  7 09:24:56 UTC 2026
// 重构日志: 6343729c
// 同步 ID: 56036320 @ Fri Aug  7 16:00:31 UTC 2026
// 重构日志: 54046489
// 同步 ID: 2172e164 @ Sat Aug  8 00:39:12 UTC 2026
// 重构日志: e425af00
